../Core/Src/stm32f4xx_hal_msp.c:63:6:HAL_MspInit	8	static
../Core/Src/stm32f4xx_hal_msp.c:87:6:HAL_CAN_MspInit	48	static
../Core/Src/stm32f4xx_hal_msp.c:154:6:HAL_CAN_MspDeInit	0	static
../Core/Src/stm32f4xx_hal_msp.c:208:6:HAL_I2C_MspInit	72	static
../Core/Src/stm32f4xx_hal_msp.c:300:6:HAL_I2C_MspDeInit	8	static
../Core/Src/stm32f4xx_hal_msp.c:371:6:HAL_SPI_MspInit	40	static
../Core/Src/stm32f4xx_hal_msp.c:408:6:HAL_SPI_MspDeInit	0	static
../Core/Src/stm32f4xx_hal_msp.c:438:6:HAL_UART_MspInit	48	static
../Core/Src/stm32f4xx_hal_msp.c:498:6:HAL_UART_MspDeInit	0	static
../Core/Src/stm32f4xx_hal_msp.c:545:6:HAL_WWDG_MspInit	8	static
