../Core/Src/main.c:85:5:main	8	static
../Core/Src/main.c:138:6:SystemClock_Config	88	static
../Core/Src/main.c:180:13:MX_CAN1_Init	8	static
../Core/Src/main.c:217:13:MX_CAN2_Init	8	static
../Core/Src/main.c:254:13:MX_I2C1_Init	8	static
../Core/Src/main.c:288:13:MX_I2C2_Init	8	static
../Core/Src/main.c:322:13:MX_I2C3_Init	8	static
../Core/Src/main.c:356:13:MX_SPI1_Init	8	static
../Core/Src/main.c:394:13:MX_UART4_Init	8	static
../Core/Src/main.c:427:13:MX_USART3_UART_Init	8	static
../Core/Src/main.c:460:13:MX_WWDG_Init	8	static
../Core/Src/main.c:490:13:MX_GPIO_Init	48	static
../Core/Src/main.c:562:6:Error_Handler	4	static,ignoring_inline_asm
